
> my-desck-pro@0.0.28 build
> tsc -b && vite build

[36mvite v5.4.21 [32mbuilding for production...[36m[39m
transforming...
[32mΓ£ף[39m 3346 modules transformed.
rendering chunks...
computing gzip size...
[2mdist/[22m[32mregisterSW.js                                                       [39m[1m[2m    0.14 kB[22m[1m[22m
[2mdist/[22m[32mmanifest.webmanifest                                                [39m[1m[2m    0.35 kB[22m[1m[22m
[2mdist/[22m[32massets/ibm-plex-sans-arabic-cyrillic-ext-600-normal-CFFPHiVs.woff   [39m[1m[2m    1.16 kB[22m[1m[22m
[2mdist/[22m[32massets/ibm-plex-sans-arabic-cyrillic-ext-700-normal-Dhy2Zk9g.woff   [39m[1m[2m    1.16 kB[22m[1m[22m
[2mdist/[22m[32massets/ibm-plex-sans-arabic-cyrillic-ext-500-normal-B_79k98k.woff   [39m[1m[2m    1.16 kB[22m[1m[22m
[2mdist/[22m[32massets/ibm-plex-sans-arabic-cyrillic-ext-400-normal-BnfWueTs.woff   [39m[1m[2m    1.17 kB[22m[1m[22m
[2mdist/[22m[32massets/ibm-plex-sans-arabic-cyrillic-ext-400-normal-KAuemXZb.woff2  [39m[1m[2m    1.45 kB[22m[1m[22m
[2mdist/[22m[32massets/ibm-plex-sans-arabic-cyrillic-ext-500-normal-OtpNIXEE.woff2  [39m[1m[2m    1.46 kB[22m[1m[22m
[2mdist/[22m[32massets/ibm-plex-sans-arabic-cyrillic-ext-600-normal-ABNWglN6.woff2  [39m[1m[2m    1.48 kB[22m[1m[22m
[2mdist/[22m[32massets/ibm-plex-sans-arabic-cyrillic-ext-700-normal-DkasDNaI.woff2  [39m[1m[2m    1.48 kB[22m[1m[22m
[2mdist/[22m[32mindex.html                                                          [39m[1m[2m    2.19 kB[22m[1m[22m[2m Γפג gzip:   1.02 kB[22m
[2mdist/[22m[32massets/inter-vietnamese-400-normal-DMkecbls.woff2                   [39m[1m[2m    4.97 kB[22m[1m[22m
[2mdist/[22m[32massets/inter-vietnamese-600-normal-Cc8MFFhd.woff2                   [39m[1m[2m    5.10 kB[22m[1m[22m
[2mdist/[22m[32massets/ibm-plex-sans-arabic-latin-ext-700-normal-DWthrpRb.woff      [39m[1m[2m    5.10 kB[22m[1m[22m
[2mdist/[22m[32massets/inter-vietnamese-700-normal-DlLaEgI2.woff2                   [39m[1m[2m    5.10 kB[22m[1m[22m
[2mdist/[22m[32massets/inter-vietnamese-500-normal-DOriooB6.woff2                   [39m[1m[2m    5.11 kB[22m[1m[22m
[2mdist/[22m[32massets/ibm-plex-sans-arabic-latin-ext-400-normal-Czeyzori.woff      [39m[1m[2m    5.12 kB[22m[1m[22m
[2mdist/[22m[32massets/ibm-plex-sans-arabic-latin-ext-500-normal-BJjW1k15.woff      [39m[1m[2m    5.13 kB[22m[1m[22m
[2mdist/[22m[32massets/ibm-plex-sans-arabic-latin-ext-600-normal-BKJ0BLFp.woff      [39m[1m[2m    5.14 kB[22m[1m[22m
[2mdist/[22m[32massets/inter-greek-ext-400-normal-DGGRlc-M.woff2                    [39m[1m[2m    5.26 kB[22m[1m[22m
[2mdist/[22m[32massets/inter-greek-ext-500-normal-C4iEst2y.woff2                    [39m[1m[2m    5.43 kB[22m[1m[22m
[2mdist/[22m[32massets/inter-greek-ext-600-normal-DRtmH8MT.woff2                    [39m[1m[2m    5.43 kB[22m[1m[22m
[2mdist/[22m[32massets/inter-greek-ext-700-normal-qfdV9bQt.woff2                    [39m[1m[2m    5.44 kB[22m[1m[22m
[2mdist/[22m[32massets/inter-vietnamese-400-normal-Bbgyi5SW.woff                    [39m[1m[2m    6.50 kB[22m[1m[22m
[2mdist/[22m[32massets/ibm-plex-sans-arabic-latin-ext-700-normal-B67M1LEF.woff2     [39m[1m[2m    6.57 kB[22m[1m[22m
[2mdist/[22m[32massets/inter-vietnamese-500-normal-mJboJaSs.woff                    [39m[1m[2m    6.60 kB[22m[1m[22m
[2mdist/[22m[32massets/ibm-plex-sans-arabic-latin-ext-400-normal-BBztdxSb.woff2     [39m[1m[2m    6.60 kB[22m[1m[22m
[2mdist/[22m[32massets/ibm-plex-sans-arabic-latin-ext-500-normal-C9xrqL7u.woff2     [39m[1m[2m    6.62 kB[22m[1m[22m
[2mdist/[22m[32massets/inter-vietnamese-700-normal-BZaoP0fm.woff                    [39m[1m[2m    6.63 kB[22m[1m[22m
[2mdist/[22m[32massets/inter-vietnamese-600-normal-BuLX-rYi.woff                    [39m[1m[2m    6.64 kB[22m[1m[22m
[2mdist/[22m[32massets/ibm-plex-sans-arabic-latin-ext-600-normal-thxZlxNQ.woff2     [39m[1m[2m    6.70 kB[22m[1m[22m
[2mdist/[22m[32massets/inter-greek-ext-400-normal-KugGGMne.woff                     [39m[1m[2m    7.06 kB[22m[1m[22m
[2mdist/[22m[32massets/inter-greek-ext-500-normal-2j5mBUwD.woff                     [39m[1m[2m    7.19 kB[22m[1m[22m
[2mdist/[22m[32massets/inter-greek-ext-600-normal-B8X0CLgF.woff                     [39m[1m[2m    7.21 kB[22m[1m[22m
[2mdist/[22m[32massets/inter-greek-ext-700-normal-BoQ6DsYi.woff                     [39m[1m[2m    7.22 kB[22m[1m[22m
[2mdist/[22m[32massets/inter-cyrillic-400-normal-obahsSVq.woff2                     [39m[1m[2m    7.71 kB[22m[1m[22m
[2mdist/[22m[32massets/inter-greek-400-normal-B4URO6DV.woff2                        [39m[1m[2m    7.78 kB[22m[1m[22m
[2mdist/[22m[32massets/inter-cyrillic-500-normal-BasfLYem.woff2                     [39m[1m[2m    7.90 kB[22m[1m[22m
[2mdist/[22m[32massets/inter-cyrillic-700-normal-CjBOestx.woff2                     [39m[1m[2m    7.90 kB[22m[1m[22m
[2mdist/[22m[32massets/inter-greek-500-normal-BIZE56-Y.woff2                        [39m[1m[2m    7.92 kB[22m[1m[22m
[2mdist/[22m[32massets/inter-greek-700-normal-C3JjAnD8.woff2                        [39m[1m[2m    7.92 kB[22m[1m[22m
[2mdist/[22m[32massets/inter-greek-600-normal-plRanbMR.woff2                        [39m[1m[2m    7.94 kB[22m[1m[22m
[2mdist/[22m[32massets/inter-cyrillic-600-normal-CWCymEST.woff2                     [39m[1m[2m    7.97 kB[22m[1m[22m
[2mdist/[22m[32massets/inter-cyrillic-400-normal-HOLc17fK.woff                      [39m[1m[2m    9.78 kB[22m[1m[22m
[2mdist/[22m[32massets/inter-cyrillic-700-normal-DrXBdSj3.woff                      [39m[1m[2m    9.91 kB[22m[1m[22m
[2mdist/[22m[32massets/inter-greek-400-normal-q2sYcFCs.woff                         [39m[1m[2m    9.92 kB[22m[1m[22m
[2mdist/[22m[32massets/inter-cyrillic-600-normal-4D_pXhcN.woff                      [39m[1m[2m    9.94 kB[22m[1m[22m
[2mdist/[22m[32massets/inter-cyrillic-500-normal-CxZf_p3X.woff                      [39m[1m[2m    9.94 kB[22m[1m[22m
[2mdist/[22m[32massets/inter-greek-700-normal-BUv2fZ6O.woff                         [39m[1m[2m    9.98 kB[22m[1m[22m
[2mdist/[22m[32massets/inter-greek-500-normal-Xzm54t5V.woff                         [39m[1m[2m    9.98 kB[22m[1m[22m
[2mdist/[22m[32massets/inter-greek-600-normal-BZpKdvQh.woff                         [39m[1m[2m   10.03 kB[22m[1m[22m
[2mdist/[22m[32massets/inter-cyrillic-ext-400-normal-BQZuk6qB.woff2                 [39m[1m[2m   10.23 kB[22m[1m[22m
[2mdist/[22m[32massets/inter-cyrillic-ext-500-normal-B0yAr1jD.woff2                 [39m[1m[2m   10.43 kB[22m[1m[22m
[2mdist/[22m[32massets/inter-cyrillic-ext-600-normal-Dfes3d0z.woff2                 [39m[1m[2m   10.48 kB[22m[1m[22m
[2mdist/[22m[32massets/inter-cyrillic-ext-700-normal-BjwYoWNd.woff2                 [39m[1m[2m   10.50 kB[22m[1m[22m
[2mdist/[22m[32massets/inter-cyrillic-ext-400-normal-DQukG94-.woff                  [39m[1m[2m   13.34 kB[22m[1m[22m
[2mdist/[22m[32massets/inter-cyrillic-ext-700-normal-LO58E6JB.woff                  [39m[1m[2m   13.41 kB[22m[1m[22m
[2mdist/[22m[32massets/inter-cyrillic-ext-500-normal-BmqWE9Dz.woff                  [39m[1m[2m   13.45 kB[22m[1m[22m
[2mdist/[22m[32massets/inter-cyrillic-ext-600-normal-Bcila6Z-.woff                  [39m[1m[2m   13.46 kB[22m[1m[22m
[2mdist/[22m[32massets/ibm-plex-sans-arabic-latin-400-normal-BbS7hP4A.woff          [39m[1m[2m   17.59 kB[22m[1m[22m
[2mdist/[22m[32massets/ibm-plex-sans-arabic-latin-700-normal-CetE5csD.woff          [39m[1m[2m   17.82 kB[22m[1m[22m
[2mdist/[22m[32massets/ibm-plex-sans-arabic-latin-500-normal-B2V822h3.woff          [39m[1m[2m   18.67 kB[22m[1m[22m
[2mdist/[22m[32massets/ibm-plex-sans-arabic-latin-600-normal-DI8kxR3v.woff          [39m[1m[2m   18.90 kB[22m[1m[22m
[2mdist/[22m[32massets/ibm-plex-sans-arabic-latin-400-normal-WmMPB2Yj.woff2         [39m[1m[2m   19.20 kB[22m[1m[22m
[2mdist/[22m[32massets/ibm-plex-sans-arabic-latin-700-normal-B1l2chsb.woff2         [39m[1m[2m   19.54 kB[22m[1m[22m
[2mdist/[22m[32massets/ibm-plex-sans-arabic-latin-500-normal-Bg_w3V9S.woff2         [39m[1m[2m   20.12 kB[22m[1m[22m
[2mdist/[22m[32massets/ibm-plex-sans-arabic-latin-600-normal-D2IuUTjp.woff2         [39m[1m[2m   20.56 kB[22m[1m[22m
[2mdist/[22m[32massets/inter-latin-400-normal-C38fXH4l.woff2                        [39m[1m[2m   23.66 kB[22m[1m[22m
[2mdist/[22m[32massets/inter-latin-500-normal-Cerq10X2.woff2                        [39m[1m[2m   24.27 kB[22m[1m[22m
[2mdist/[22m[32massets/inter-latin-700-normal-Yt3aPRUw.woff2                        [39m[1m[2m   24.36 kB[22m[1m[22m
[2mdist/[22m[32massets/inter-latin-600-normal-LgqL8muc.woff2                        [39m[1m[2m   24.45 kB[22m[1m[22m
[2mdist/[22m[32massets/inter-latin-400-normal-CyCys3Eg.woff                         [39m[1m[2m   30.70 kB[22m[1m[22m
[2mdist/[22m[32massets/inter-latin-600-normal-CiBQ2DWP.woff                         [39m[1m[2m   31.26 kB[22m[1m[22m
[2mdist/[22m[32massets/inter-latin-500-normal-BL9OpVg8.woff                         [39m[1m[2m   31.28 kB[22m[1m[22m
[2mdist/[22m[32massets/inter-latin-700-normal-BLAVimhd.woff                         [39m[1m[2m   31.32 kB[22m[1m[22m
[2mdist/[22m[32massets/inter-latin-ext-400-normal-C1nco2VV.woff2                    [39m[1m[2m   35.00 kB[22m[1m[22m
[2mdist/[22m[32massets/inter-latin-ext-500-normal-CV4jyFjo.woff2                    [39m[1m[2m   36.02 kB[22m[1m[22m
[2mdist/[22m[32massets/inter-latin-ext-700-normal-Ca8adRJv.woff2                    [39m[1m[2m   36.24 kB[22m[1m[22m
[2mdist/[22m[32massets/inter-latin-ext-600-normal-D2bJ5OIk.woff2                    [39m[1m[2m   36.26 kB[22m[1m[22m
[2mdist/[22m[32massets/ibm-plex-sans-arabic-arabic-400-normal-Bwel1Edd.woff2        [39m[1m[2m   42.89 kB[22m[1m[22m
[2mdist/[22m[32massets/ibm-plex-sans-arabic-arabic-400-normal-Bkpq49wK.woff         [39m[1m[2m   44.18 kB[22m[1m[22m
[2mdist/[22m[32massets/ibm-plex-sans-arabic-arabic-700-normal-h89dPt8c.woff2        [39m[1m[2m   44.25 kB[22m[1m[22m
[2mdist/[22m[32massets/ibm-plex-sans-arabic-arabic-700-normal-ZbFae5hq.woff         [39m[1m[2m   44.39 kB[22m[1m[22m
[2mdist/[22m[32massets/ibm-plex-sans-arabic-arabic-500-normal-CkjFme9Y.woff2        [39m[1m[2m   45.45 kB[22m[1m[22m
[2mdist/[22m[32massets/ibm-plex-sans-arabic-arabic-600-normal-C_8-il80.woff2        [39m[1m[2m   45.80 kB[22m[1m[22m
[2mdist/[22m[32massets/ibm-plex-sans-arabic-arabic-600-normal-CFKzemRU.woff         [39m[1m[2m   46.83 kB[22m[1m[22m
[2mdist/[22m[32massets/ibm-plex-sans-arabic-arabic-500-normal-CWGr6KTJ.woff         [39m[1m[2m   46.96 kB[22m[1m[22m
[2mdist/[22m[32massets/inter-latin-ext-400-normal-77YHD8bZ.woff                     [39m[1m[2m   47.56 kB[22m[1m[22m
[2mdist/[22m[32massets/inter-latin-ext-500-normal-BxGbmqWO.woff                     [39m[1m[2m   48.49 kB[22m[1m[22m
[2mdist/[22m[32massets/inter-latin-ext-700-normal-TidjK2hL.woff                     [39m[1m[2m   48.63 kB[22m[1m[22m
[2mdist/[22m[32massets/inter-latin-ext-600-normal-CIVaiw4L.woff                     [39m[1m[2m   48.67 kB[22m[1m[22m
[2mdist/[22m[35massets/index-vxZi4scp.css                                           [39m[1m[2m  129.57 kB[22m[1m[22m[2m Γפג gzip:  18.45 kB[22m
[2mdist/[22m[36massets/purify.es-B9ZVCkUG.js                                        [39m[1m[2m   22.64 kB[22m[1m[22m[2m Γפג gzip:   8.75 kB[22m
[2mdist/[22m[36massets/jspdf.plugin.autotable-CfO62xhj.js                           [39m[1m[2m   30.98 kB[22m[1m[22m[2m Γפג gzip:   9.87 kB[22m
[2mdist/[22m[36massets/index.es-CpEGn3ZJ.js                                         [39m[1m[2m  150.48 kB[22m[1m[22m[2m Γפג gzip:  51.44 kB[22m
[2mdist/[22m[36massets/html2canvas.esm-CBrSDip1.js                                  [39m[1m[2m  201.42 kB[22m[1m[22m[2m Γפג gzip:  48.03 kB[22m
[2mdist/[22m[36massets/jspdf.es.min-I-gs42mO.js                                     [39m[1m[2m  387.99 kB[22m[1m[22m[2m Γפג gzip: 127.38 kB[22m
[2mdist/[22m[36massets/index-CUM7Rr1x.js                                            [39m[1m[33m1,718.54 kB[39m[22m[2m Γפג gzip: 505.78 kB[22m
node.exe : [33m
At C:\Users\user\AppD
ata\Roaming\npm\npm.p
s1:24 char:5
+     & "node$exe"  "
$basedir/node_modules
/npm/bin/npm-cli.js" 
$args
+     ~~~~~~~~~~~~~~~
~~~~~~~~~~~~~~~~~~~~~
~~~~~~~~~~~~~~~~~~~~~
~~~~~
    + CategoryInfo   
           : NotSpe  
  cified: ([33m:S   
 tring) [], Remot    
eException
    + FullyQualified 
   ErrorId : Native  
  CommandError
 
(!) Some chunks are 
larger than 500 kB 
after minification. 
Consider:
- Using dynamic 
import() to 
code-split the 
application
- Use build.rollupOpt
ions.output.manualChu
nks to improve 
chunking: https://rol
lupjs.org/configurati
on-options/#output-ma
nualchunks
- Adjust chunk size 
limit for this 
warning via build.chu
nkSizeWarningLimit.[
39m
[32mΓ£ף built in 15.57s[39m

PWA v1.2.0
mode      generateSW
precache  12 entries (2593.70 KiB)
files generated
  dist/sw.js
  dist/workbox-8c29f6e4.js
