src/lib/pdfGenerator.ts(28,28): error TS6133: 'mode' is declared but its value is never read.
